[lsxs.me/slices.html]
[backblue.gif]
[fade.gif]
[index.html]
[www.google-analytics.com/analytics.js]
[lsxs.me/images/favicon3.ico]
[ajax.googleapis.com/ajax/libs/jquery/3.5.1/jquery.min.js]
[lsxs.me/styles/styles.css]
[use.typekit.net/uok8swb.css]
[res.cloudinary.com/marcofugaro/image/upload/v1570113726/simone-hutsch-skyscrapers_n7vgyi.jpg]
[cdnjs.cloudflare.com/ajax/libs/lodash.js/4.17.15/lodash.min.js]
[cdnjs.cloudflare.com/ajax/libs/d3-polygon/1.0.3/d3-polygon.min.js]
[res.cloudinary.com/marcofugaro/raw/upload/v1570116091/d3-delaunay_hkfqs4.js]
[lsxs.me/images/imaginary-flavour-oNc7DDJIdpk-unsplash.jpg]
[lsxs.me/images/pexels-maxime-francis-2246476.jpg]
[lsxs.me/images/GirlChain/A.jpg]
[lsxs.me/images/GirlChain/B.jpg]
[lsxs.me/slices.html]
[lsxs.me/styles/styles.css]
[use.typekit.net/af/a8a439/00000000000000003b9b21dc/27/le196]
[use.typekit.net/af/a8a439/00000000000000003b9b21dc/27/de196]
[use.typekit.net/af/a8a439/00000000000000003b9b21dc/27/ae196]
[use.typekit.net/af/077186/00000000000000000001793e/27/le196]
[use.typekit.net/af/077186/00000000000000000001793e/27/de196]
[use.typekit.net/af/077186/00000000000000000001793e/27/ae196]
[use.typekit.net/af/657ff9/000000000000000000014a2e/27/le196]
[use.typekit.net/af/657ff9/000000000000000000014a2e/27/de196]
[use.typekit.net/af/657ff9/000000000000000000014a2e/27/ae196]
[use.typekit.net/uok8swb.css]
[p.typekit.net/p76f2.css]
